>seq7
ATGTTATCAGCTCTAGTCGACAAGTATCTCAACTACCAGGAACCTCCGAATCGACAACTT
CAACTTTCGGGTGAAGACTCCAGAATCGCCTACGACAACGGGTCGGACAG
>seq8
ATGTTATCGGCTCTTGTAGAGAGACATCTCAGCTTCATAGAGTCTTCG------CAAC--
------AGGGGTGAAGACTCGAGAATCGCTTACGACAACGGGTCGGACAG
>seq9
ATGTTATCAGCTCTAGTCGACAAATATCTGAACTACCAGGAACCTCCTGATCGACAACAC
CAGCTTCAAGGTGAGGCCACCAGAATCGCCTACGACAACGGCTCAGATAG
